../Middlewares/MODBUS-LIB/Src/Modbus.c:123:6:RingAdd	16	static
../Middlewares/MODBUS-LIB/Src/Modbus.c:142:9:RingGetAllBytes	16	static
../Middlewares/MODBUS-LIB/Src/Modbus.c:148:9:RingGetNBytes	32	static
../Middlewares/MODBUS-LIB/Src/Modbus.c:166:9:RingCountBytes	16	static
../Middlewares/MODBUS-LIB/Src/Modbus.c:171:6:RingClear	16	static
../Middlewares/MODBUS-LIB/Src/Modbus.c:204:6:ModbusInit	24	static
../Middlewares/MODBUS-LIB/Src/Modbus.c:322:6:ModbusStart	16	static
../Middlewares/MODBUS-LIB/Src/Modbus.c:448:6:vTimerCallbackT35	32	static
../Middlewares/MODBUS-LIB/Src/Modbus.c:467:6:vTimerCallbackTimeout	24	static
../Middlewares/MODBUS-LIB/Src/Modbus.c:631:6:StartTaskModbusSlave	24	static
../Middlewares/MODBUS-LIB/Src/Modbus.c:771:6:ModbusQuery	16	static
../Middlewares/MODBUS-LIB/Src/Modbus.c:786:6:ModbusQueryInject	16	static
../Middlewares/MODBUS-LIB/Src/Modbus.c:835:8:SendQuery	24	static
../Middlewares/MODBUS-LIB/Src/Modbus.c:1045:6:StartTaskModbusMaster	56	static
../Middlewares/MODBUS-LIB/Src/Modbus.c:1193:6:get_FC1	32	static
../Middlewares/MODBUS-LIB/Src/Modbus.c:1218:6:get_FC3	32	static
../Middlewares/MODBUS-LIB/Src/Modbus.c:1239:9:validateAnswer	24	static
../Middlewares/MODBUS-LIB/Src/Modbus.c:1294:9:getRxBuffer	24	static
../Middlewares/MODBUS-LIB/Src/Modbus.c:1335:9:validateRequest	24	static
../Middlewares/MODBUS-LIB/Src/Modbus.c:1440:10:word	24	static
../Middlewares/MODBUS-LIB/Src/Modbus.c:1458:10:calcCRC	32	static
../Middlewares/MODBUS-LIB/Src/Modbus.c:1491:6:buildException	24	static
../Middlewares/MODBUS-LIB/Src/Modbus.c:1517:13:sendTxBuffer	40	static
../Middlewares/MODBUS-LIB/Src/Modbus.c:1677:8:process_FC1	32	static
../Middlewares/MODBUS-LIB/Src/Modbus.c:1733:8:process_FC3	24	static
../Middlewares/MODBUS-LIB/Src/Modbus.c:1765:8:process_FC5	24	static
../Middlewares/MODBUS-LIB/Src/Modbus.c:1799:8:process_FC6	24	static
../Middlewares/MODBUS-LIB/Src/Modbus.c:1825:8:process_FC15	32	static
../Middlewares/MODBUS-LIB/Src/Modbus.c:1882:8:process_FC16	32	static
